Parsed 973 papers across 37 parts.
Ensuring system/part documents…
Uploading 973 papers (0 already done)…
  10/973 uploaded…
  20/973 uploaded…
  30/973 uploaded…
  40/973 uploaded…
  50/973 uploaded…
  60/973 uploaded…
  70/973 uploaded…
  80/973 uploaded…
  90/973 uploaded…
  100/973 uploaded…
  110/973 uploaded…
  120/973 uploaded…
  130/973 uploaded…
  140/973 uploaded…
  150/973 uploaded…
  160/973 uploaded…
  170/973 uploaded…
  180/973 uploaded…
  190/973 uploaded…
  200/973 uploaded…
  210/973 uploaded…
  220/973 uploaded…
  230/973 uploaded…
  240/973 uploaded…
  250/973 uploaded…
  260/973 uploaded…
  270/973 uploaded…
  280/973 uploaded…
  290/973 uploaded…
  300/973 uploaded…
  310/973 uploaded…
  320/973 uploaded…
  330/973 uploaded…
  340/973 uploaded…
  350/973 uploaded…
  360/973 uploaded…
  370/973 uploaded…
  380/973 uploaded…
  390/973 uploaded…
  400/973 uploaded…
  410/973 uploaded…
  420/973 uploaded…
  430/973 uploaded…
  440/973 uploaded…
  450/973 uploaded…
  460/973 uploaded…
  470/973 uploaded…
  480/973 uploaded…
  490/973 uploaded…
  500/973 uploaded…
  510/973 uploaded…
  520/973 uploaded…
  530/973 uploaded…
  540/973 uploaded…
  550/973 uploaded…
  560/973 uploaded…
  570/973 uploaded…
  580/973 uploaded…
  590/973 uploaded…
  600/973 uploaded…
  610/973 uploaded…
  620/973 uploaded…
  630/973 uploaded…
  640/973 uploaded…
  650/973 uploaded…
  660/973 uploaded…
  670/973 uploaded…
  680/973 uploaded…
  690/973 uploaded…
  700/973 uploaded…
  710/973 uploaded…
  720/973 uploaded…
  730/973 uploaded…
  740/973 uploaded…
  750/973 uploaded…
  760/973 uploaded…
  770/973 uploaded…
  780/973 uploaded…
  790/973 uploaded…
  800/973 uploaded…
  810/973 uploaded…
  820/973 uploaded…
  830/973 uploaded…
  840/973 uploaded…
  850/973 uploaded…
  860/973 uploaded…
  870/973 uploaded…
  880/973 uploaded…
  890/973 uploaded…
  900/973 uploaded…
  910/973 uploaded…
  920/973 uploaded…
  930/973 uploaded…
  940/973 uploaded…
  950/973 uploaded…
  960/973 uploaded…
  970/973 uploaded…

Done. Uploaded 973, failed 0, skipped 0.
